Using pre-set license
Built from '6000.0/staging' branch; Version is '6000.0.32f1 (b2e806cf271c) revision 11724806'; Using compiler version '193933523'; Build Type 'Release'
OS: 'Windows 10  (10.0.19045) 64bit Core' Language: 'en' Physical Memory: 32720 MB
BatchMode: 1, IsHumanControllingUs: 0, StartBugReporterOnCrash: 0, Is64bit: 1, IsPro: 1

COMMAND LINE ARGUMENTS:
F:\unity\6000.0.32f1\Editor\Unity.exe
-adb2
-batchMode
-noUpm
-name
AssetImportWorker16
-projectPath
G:/WORKREPO/StreakRepo/Repo/STREAK
-logFile
Logs/AssetImportWorker16.log
-srvPort
63110
-job-worker-count
11
-background-job-worker-count
8
-gc-helper-count
1
Successfully changed project path to: G:/WORKREPO/StreakRepo/Repo/STREAK
G:/WORKREPO/StreakRepo/Repo/STREAK
[UnityMemory] Configuration Parameters - Can be set up in boot.config
    "memorysetup-bucket-allocator-granularity=16"
    "memorysetup-bucket-allocator-bucket-count=8"
    "memorysetup-bucket-allocator-block-size=33554432"
    "memorysetup-bucket-allocator-block-count=8"
    "memorysetup-main-allocator-block-size=16777216"
    "memorysetup-thread-allocator-block-size=16777216"
    "memorysetup-gfx-main-allocator-block-size=16777216"
    "memorysetup-gfx-thread-allocator-block-size=16777216"
    "memorysetup-cache-allocator-block-size=4194304"
    "memorysetup-typetree-allocator-block-size=2097152"
    "memorysetup-profiler-bucket-allocator-granularity=16"
    "memorysetup-profiler-bucket-allocator-bucket-count=8"
    "memorysetup-profiler-bucket-allocator-block-size=33554432"
    "memorysetup-profiler-bucket-allocator-block-count=8"
    "memorysetup-profiler-allocator-block-size=16777216"
    "memorysetup-profiler-editor-allocator-block-size=1048576"
    "memorysetup-temp-allocator-size-main=16777216"
    "memorysetup-job-temp-allocator-block-size=2097152"
    "memorysetup-job-temp-allocator-block-size-background=1048576"
    "memorysetup-job-temp-allocator-reduction-small-platforms=262144"
    "memorysetup-allocator-temp-initial-block-size-main=262144"
    "memorysetup-allocator-temp-initial-block-size-worker=262144"
    "memorysetup-temp-allocator-size-background-worker=32768"
    "memorysetup-temp-allocator-size-job-worker=262144"
    "memorysetup-temp-allocator-size-preload-manager=33554432"
    "memorysetup-temp-allocator-size-nav-mesh-worker=65536"
    "memorysetup-temp-allocator-size-audio-worker=65536"
    "memorysetup-temp-allocator-size-cloud-worker=32768"
    "memorysetup-temp-allocator-size-gi-baking-worker=262144"
    "memorysetup-temp-allocator-size-gi-baking-worker=262144"
    "memorysetup-temp-allocator-size-gi-baking-worker=262144"
    "memorysetup-temp-allocator-size-gi-baking-worker=262144"
    "memorysetup-temp-allocator-size-gi-baking-worker=262144"
    "memorysetup-temp-allocator-size-gfx=262144"
Player connection [49676]  Target information:

Player connection [49676]  * "[IP] 192.168.56.1 [Port] 0 [Flags] 2 [Guid] 1934642498 [EditorId] 1934642498 [Version] 1048832 [Id] WindowsEditor(7,DESKTOP-7MIUTJP) [Debug] 1 [PackageName] WindowsEditor [ProjectName] Editor" 

Player connection [49676]  * "[IP] 192.168.50.160 [Port] 0 [Flags] 2 [Guid] 1934642498 [EditorId] 1934642498 [Version] 1048832 [Id] WindowsEditor(7,DESKTOP-7MIUTJP) [Debug] 1 [PackageName] WindowsEditor [ProjectName] Editor" 

Player connection [49676] Host joined multi-casting on [225.0.0.222:54997]...
Player connection [49676] Host joined alternative multi-casting on [225.0.0.222:34997]...
JobSystem: Creating JobQueue using job-worker-count value 11
[Physics::Module] Initialized fallback backend.
[Physics::Module] Id: 0xdecafbad
Library Redirect Path: Library/
[Physics::Module] Selected backend.
[Physics::Module] Name: PhysX
[Physics::Module] Id: 0xf2b8ea05
[Physics::Module] SDK Version: 4.1.2
[Physics::Module] Integration Version: 1.0.0
[Physics::Module] Threading Mode: Multi-Threaded
Refreshing native plugins compatible for Editor in 7.45 ms, found 4 plugins.
Preloading 0 native plugins for Editor in 0.00 ms.
Initialize engine version: 6000.0.32f1 (b2e806cf271c)
[Subsystems] Discovering subsystems at path F:/unity/6000.0.32f1/Editor/Data/Resources/UnitySubsystems
[Subsystems] Discovering subsystems at path G:/WORKREPO/StreakRepo/Repo/STREAK/Assets
GfxDevice: creating device client; kGfxThreadingModeNonThreaded
Direct3D:
    Version:  Direct3D 11.0 [level 11.1]
    Renderer: NVIDIA GeForce RTX 3060 (ID=0x2504)
    Vendor:   NVIDIA
    VRAM:     12115 MB
    Driver:   32.0.15.7283
Initialize mono
Mono path[0] = 'F:/unity/6000.0.32f1/Editor/Data/Managed'
Mono path[1] = 'F:/unity/6000.0.32f1/Editor/Data/MonoBleedingEdge/lib/mono/unityjit-win32'
Mono config path = 'F:/unity/6000.0.32f1/Editor/Data/MonoBleedingEdge/etc'
Using monoOptions --debugger-agent=transport=dt_socket,embedding=1,server=y,suspend=n,address=127.0.0.1:56400
Begin MonoManager ReloadAssembly
Registering precompiled unity dll's ...
Register platform support module: F:/unity/6000.0.32f1/Editor/Data/PlaybackEngines/WindowsStandaloneSupport/UnityEditor.WindowsStandalone.Extensions.dll
Register platform support module: F:/unity/6000.0.32f1/Editor/Data/PlaybackEngines/MetroSupport/UnityEditor.UWP.Extensions.dll
Register platform support module: F:/unity/6000.0.32f1/Editor/Data/PlaybackEngines/AndroidPlayer/UnityEditor.Android.Extensions.dll
Registered in 0.011604 seconds.
- Loaded All Assemblies, in  0.876 seconds
Native extension for Android target not found
Android Extension - Scanning For ADB Devices 563 ms
Native extension for UWP target not found
Native extension for WindowsStandalone target not found
Mono: successfully reloaded assembly
- Finished resetting the current domain, in  1.363 seconds
Domain Reload Profiling: 2239ms
	BeginReloadAssembly (290ms)
		ExecutionOrderSort (0ms)
		DisableScriptedObjects (0ms)
		BackupInstance (0ms)
		ReleaseScriptingObjects (0ms)
		CreateAndSetChildDomain (1ms)
	RebuildCommonClasses (91ms)
	RebuildNativeTypeToScriptingClass (33ms)
	initialDomainReloadingComplete (101ms)
	LoadAllAssembliesAndSetupDomain (360ms)
		LoadAssemblies (290ms)
		RebuildTransferFunctionScriptingTraits (0ms)
		AnalyzeDomain (350ms)
			TypeCache.Refresh (348ms)
				TypeCache.ScanAssembly (324ms)
			BuildScriptInfoCaches (0ms)
			ResolveRequiredComponents (1ms)
	FinalizeReload (1364ms)
		ReleaseScriptCaches (0ms)
		RebuildScriptCaches (0ms)
		SetupLoadedEditorAssemblies (1271ms)
			LogAssemblyErrors (0ms)
			InitializePlatformSupportModulesInManaged (809ms)
			SetLoadedEditorAssemblies (7ms)
			BeforeProcessingInitializeOnLoad (98ms)
			ProcessInitializeOnLoadAttributes (226ms)
			ProcessInitializeOnLoadMethodAttributes (131ms)
			AfterProcessingInitializeOnLoad (0ms)
			EditorAssembliesLoaded (0ms)
		ExecutionOrderSort2 (0ms)
		AwakeInstancesAfterBackupRestoration (0ms)
========================================================================
Worker process is ready to serve import requests
Import Worker Mode flag is 0x00
Begin MonoManager ReloadAssembly
- Loaded All Assemblies, in  1.450 seconds
Refreshing native plugins compatible for Editor in 3.64 ms, found 4 plugins.
Native extension for Android target not found
Native extension for UWP target not found
Native extension for WindowsStandalone target not found
Mono: successfully reloaded assembly
- Finished resetting the current domain, in  1.236 seconds
Domain Reload Profiling: 2682ms
	BeginReloadAssembly (341ms)
		ExecutionOrderSort (0ms)
		DisableScriptedObjects (15ms)
		BackupInstance (0ms)
		ReleaseScriptingObjects (0ms)
		CreateAndSetChildDomain (49ms)
	RebuildCommonClasses (90ms)
	RebuildNativeTypeToScriptingClass (34ms)
	initialDomainReloadingComplete (91ms)
	LoadAllAssembliesAndSetupDomain (889ms)
		LoadAssemblies (652ms)
		RebuildTransferFunctionScriptingTraits (0ms)
		AnalyzeDomain (449ms)
			TypeCache.Refresh (330ms)
				TypeCache.ScanAssembly (300ms)
			BuildScriptInfoCaches (102ms)
			ResolveRequiredComponents (15ms)
	FinalizeReload (1237ms)
		ReleaseScriptCaches (0ms)
		RebuildScriptCaches (0ms)
		SetupLoadedEditorAssemblies (1019ms)
			LogAssemblyErrors (0ms)
			InitializePlatformSupportModulesInManaged (19ms)
			SetLoadedEditorAssemblies (7ms)
			BeforeProcessingInitializeOnLoad (188ms)
			ProcessInitializeOnLoadAttributes (713ms)
			ProcessInitializeOnLoadMethodAttributes (86ms)
			AfterProcessingInitializeOnLoad (4ms)
			EditorAssembliesLoaded (0ms)
		ExecutionOrderSort2 (0ms)
		AwakeInstancesAfterBackupRestoration (14ms)
Launched and connected shader compiler UnityShaderCompiler.exe after 0.02 seconds
Refreshing native plugins compatible for Editor in 12.02 ms, found 4 plugins.
Preloading 0 native plugins for Editor in 0.00 ms.
Unloading 27 Unused Serialized files (Serialized files now loaded: 0)
Unloading 4358 unused Assets / (1.1 MB). Loaded Objects now: 4866.
Memory consumption went from 94.3 MB to 93.2 MB.
Total: 31.612200 ms (FindLiveObjects: 2.205700 ms CreateObjectMapping: 0.703400 ms MarkObjects: 26.132100 ms  DeleteObjects: 2.568500 ms)

========================================================================
Received Import Request.
  Time since last request: 88424.991251 seconds.
  path: Assets/Prefabs/Enviroment/HorizontalBarrier3_0.prefab
  artifactKey: Guid(d75ed3e12d3dc2e428f20e4188128ea3) Importer(815301076,1909f56bfc062723c751e8b465ee728b)
Start importing Assets/Prefabs/Enviroment/HorizontalBarrier3_0.prefab using Guid(d75ed3e12d3dc2e428f20e4188128ea3) Importer(815301076,1909f56bfc062723c751e8b465ee728b) (PreviewImporter) -> (artifact id: '3d09362ffa59e343415496786b9fd24a') in 0.2224995 seconds
Number of updated asset objects reloaded before import = 0Number of asset objects unloaded after import = 80

========================================================================
Received Import Request.
  Time since last request: 1.869566 seconds.
  path: Assets/Prefabs/Enviroment/HorizontalBarrier3_0.prefab
  artifactKey: Guid(d75ed3e12d3dc2e428f20e4188128ea3) Importer(815301076,1909f56bfc062723c751e8b465ee728b)
Start importing Assets/Prefabs/Enviroment/HorizontalBarrier3_0.prefab using Guid(d75ed3e12d3dc2e428f20e4188128ea3) Importer(815301076,1909f56bfc062723c751e8b465ee728b) (PreviewImporter) -> (artifact id: '71ae15ce55e8bb4afcf618320a995aa0') in 0.0264846 seconds
Number of updated asset objects reloaded before import = 0Number of asset objects unloaded after import = 80

========================================================================
Received Import Request.
  Time since last request: 0.000031 seconds.
  path: Assets/Prefabs/Enviroment/HorizontalBarrier_blue.prefab
  artifactKey: Guid(ed4381e4e935c90418ef425eb0a648d1) Importer(815301076,1909f56bfc062723c751e8b465ee728b)
Start importing Assets/Prefabs/Enviroment/HorizontalBarrier_blue.prefab using Guid(ed4381e4e935c90418ef425eb0a648d1) Importer(815301076,1909f56bfc062723c751e8b465ee728b) (PreviewImporter) -> (artifact id: '9f970e7ecef3e27082a9fbf02bc0fbee') in 0.0279045 seconds
Number of updated asset objects reloaded before import = 0Number of asset objects unloaded after import = 80

========================================================================
Received Import Request.
  Time since last request: 11.769801 seconds.
  path: Assets/Prefabs/Enviroment/HorizontalBarrier3_0.prefab
  artifactKey: Guid(d75ed3e12d3dc2e428f20e4188128ea3) Importer(815301076,1909f56bfc062723c751e8b465ee728b)
Start importing Assets/Prefabs/Enviroment/HorizontalBarrier3_0.prefab using Guid(d75ed3e12d3dc2e428f20e4188128ea3) Importer(815301076,1909f56bfc062723c751e8b465ee728b) (PreviewImporter) -> (artifact id: '0a30fad4afebf1eb07f479bdc2914144') in 0.0239259 seconds
Number of updated asset objects reloaded before import = 0Number of asset objects unloaded after import = 80

========================================================================
Received Import Request.
  Time since last request: 0.000027 seconds.
  path: Assets/Prefabs/Enviroment/poolmat_0.prefab
  artifactKey: Guid(9a6ff90c04e58e442aa9f89dbd34978f) Importer(815301076,1909f56bfc062723c751e8b465ee728b)
Start importing Assets/Prefabs/Enviroment/poolmat_0.prefab using Guid(9a6ff90c04e58e442aa9f89dbd34978f) Importer(815301076,1909f56bfc062723c751e8b465ee728b) (PreviewImporter) -> (artifact id: 'c76db5af810907e4718be4e4637ee280') in 0.0286837 seconds
Number of updated asset objects reloaded before import = 0Number of asset objects unloaded after import = 80

========================================================================
Received Import Request.
  Time since last request: 0.000031 seconds.
  path: Assets/Prefabs/Enviroment/VerticalBarrier3_0.prefab
  artifactKey: Guid(b56e033bba0b5954ea7c6f7be9e68839) Importer(815301076,1909f56bfc062723c751e8b465ee728b)
Start importing Assets/Prefabs/Enviroment/VerticalBarrier3_0.prefab using Guid(b56e033bba0b5954ea7c6f7be9e68839) Importer(815301076,1909f56bfc062723c751e8b465ee728b) (PreviewImporter) -> (artifact id: '7a49906b67a574d442f66dd3bbff2e9d') in 0.0247613 seconds
Number of updated asset objects reloaded before import = 0Number of asset objects unloaded after import = 80

========================================================================
Received Import Request.
  Time since last request: 4.161206 seconds.
  path: Assets/Prefabs/Enviroment/HorizontalBarrier3_0.prefab
  artifactKey: Guid(d75ed3e12d3dc2e428f20e4188128ea3) Importer(815301076,1909f56bfc062723c751e8b465ee728b)
Start importing Assets/Prefabs/Enviroment/HorizontalBarrier3_0.prefab using Guid(d75ed3e12d3dc2e428f20e4188128ea3) Importer(815301076,1909f56bfc062723c751e8b465ee728b) (PreviewImporter) -> (artifact id: '806190d14185d781eeb2c593a88179ff') in 0.0248871 seconds
Number of updated asset objects reloaded before import = 0Number of asset objects unloaded after import = 80

========================================================================
Received Import Request.
  Time since last request: 0.000026 seconds.
  path: Assets/Prefabs/Enviroment/VerticalBarrier5_0.prefab
  artifactKey: Guid(dfdd39eb39a53d542bb2d995f71c28b8) Importer(815301076,1909f56bfc062723c751e8b465ee728b)
Start importing Assets/Prefabs/Enviroment/VerticalBarrier5_0.prefab using Guid(dfdd39eb39a53d542bb2d995f71c28b8) Importer(815301076,1909f56bfc062723c751e8b465ee728b) (PreviewImporter) -> (artifact id: '18c5d97f3c0a21f0c277818fa59cceb5') in 0.0272484 seconds
Number of updated asset objects reloaded before import = 0Number of asset objects unloaded after import = 80

========================================================================
Received Import Request.
  Time since last request: 11.117227 seconds.
  path: Assets/Prefabs/Enviroment/HorizontalBarrier3_0.prefab
  artifactKey: Guid(d75ed3e12d3dc2e428f20e4188128ea3) Importer(815301076,1909f56bfc062723c751e8b465ee728b)
Start importing Assets/Prefabs/Enviroment/HorizontalBarrier3_0.prefab using Guid(d75ed3e12d3dc2e428f20e4188128ea3) Importer(815301076,1909f56bfc062723c751e8b465ee728b) (PreviewImporter) -> (artifact id: '0ac06e8407138764687fbedf9ab6b2bb') in 0.0290171 seconds
Number of updated asset objects reloaded before import = 0Number of asset objects unloaded after import = 80

========================================================================
Received Import Request.
  Time since last request: 0.001285 seconds.
  path: Assets/Prefabs/Enviroment/HorizontalBarrier_blue.prefab
  artifactKey: Guid(ed4381e4e935c90418ef425eb0a648d1) Importer(815301076,1909f56bfc062723c751e8b465ee728b)
Start importing Assets/Prefabs/Enviroment/HorizontalBarrier_blue.prefab using Guid(ed4381e4e935c90418ef425eb0a648d1) Importer(815301076,1909f56bfc062723c751e8b465ee728b) (PreviewImporter) -> (artifact id: '5ce043344659fd3da23f6a5c34e2ccbe') in 0.0329964 seconds
Number of updated asset objects reloaded before import = 0Number of asset objects unloaded after import = 80

========================================================================
Received Import Request.
  Time since last request: 3.384556 seconds.
  path: Assets/Prefabs/Enviroment/HorizontalBarrier3_0.prefab
  artifactKey: Guid(d75ed3e12d3dc2e428f20e4188128ea3) Importer(815301076,1909f56bfc062723c751e8b465ee728b)
Start importing Assets/Prefabs/Enviroment/HorizontalBarrier3_0.prefab using Guid(d75ed3e12d3dc2e428f20e4188128ea3) Importer(815301076,1909f56bfc062723c751e8b465ee728b) (PreviewImporter) -> (artifact id: '6bcd73f0b0d6077ba8fb6632287add4a') in 0.0256644 seconds
Number of updated asset objects reloaded before import = 0Number of asset objects unloaded after import = 80

========================================================================
Received Import Request.
  Time since last request: 0.000028 seconds.
  path: Assets/Prefabs/Enviroment/VerticalBarrier5_0.prefab
  artifactKey: Guid(dfdd39eb39a53d542bb2d995f71c28b8) Importer(815301076,1909f56bfc062723c751e8b465ee728b)
Start importing Assets/Prefabs/Enviroment/VerticalBarrier5_0.prefab using Guid(dfdd39eb39a53d542bb2d995f71c28b8) Importer(815301076,1909f56bfc062723c751e8b465ee728b) (PreviewImporter) -> (artifact id: '08e8b7098c75bd39913b2b79968b71f7') in 0.0261571 seconds
Number of updated asset objects reloaded before import = 0Number of asset objects unloaded after import = 80

========================================================================
Received Import Request.
  Time since last request: 16.605812 seconds.
  path: Assets/Prefabs/Enviroment/HorizontalBarrier3_0.prefab
  artifactKey: Guid(d75ed3e12d3dc2e428f20e4188128ea3) Importer(815301076,1909f56bfc062723c751e8b465ee728b)
Start importing Assets/Prefabs/Enviroment/HorizontalBarrier3_0.prefab using Guid(d75ed3e12d3dc2e428f20e4188128ea3) Importer(815301076,1909f56bfc062723c751e8b465ee728b) (PreviewImporter) -> (artifact id: 'e63718f7938f4e69223a62cb163991e7') in 0.0295201 seconds
Number of updated asset objects reloaded before import = 0Number of asset objects unloaded after import = 80

========================================================================
Received Import Request.
  Time since last request: 0.000032 seconds.
  path: Assets/Prefabs/Enviroment/HorizontalBarrier_blue.prefab
  artifactKey: Guid(ed4381e4e935c90418ef425eb0a648d1) Importer(815301076,1909f56bfc062723c751e8b465ee728b)
Start importing Assets/Prefabs/Enviroment/HorizontalBarrier_blue.prefab using Guid(ed4381e4e935c90418ef425eb0a648d1) Importer(815301076,1909f56bfc062723c751e8b465ee728b) (PreviewImporter) -> (artifact id: '01f6c7ffcb7170b5f184ff983e5cc370') in 0.025743 seconds
Number of updated asset objects reloaded before import = 0Number of asset objects unloaded after import = 80

========================================================================
Received Import Request.
  Time since last request: 4.071054 seconds.
  path: Assets/Prefabs/Enviroment/HorizontalBarrier3_0.prefab
  artifactKey: Guid(d75ed3e12d3dc2e428f20e4188128ea3) Importer(815301076,1909f56bfc062723c751e8b465ee728b)
Start importing Assets/Prefabs/Enviroment/HorizontalBarrier3_0.prefab using Guid(d75ed3e12d3dc2e428f20e4188128ea3) Importer(815301076,1909f56bfc062723c751e8b465ee728b) (PreviewImporter) -> (artifact id: '664f9c0d468c8c620e5085530872ba3a') in 0.0256436 seconds
Number of updated asset objects reloaded before import = 0Number of asset objects unloaded after import = 80

========================================================================
Received Import Request.
  Time since last request: 0.000027 seconds.
  path: Assets/Prefabs/Enviroment/VerticalBarrier5_0.prefab
  artifactKey: Guid(dfdd39eb39a53d542bb2d995f71c28b8) Importer(815301076,1909f56bfc062723c751e8b465ee728b)
Start importing Assets/Prefabs/Enviroment/VerticalBarrier5_0.prefab using Guid(dfdd39eb39a53d542bb2d995f71c28b8) Importer(815301076,1909f56bfc062723c751e8b465ee728b) (PreviewImporter) -> (artifact id: 'e443c9eb144dd91bf8ed6b27face6a4e') in 0.025181 seconds
Number of updated asset objects reloaded before import = 0Number of asset objects unloaded after import = 80

========================================================================
Received Import Request.
  Time since last request: 0.000029 seconds.
  path: Assets/Prefabs/Enviroment/VerticalBarrier4_0.prefab
  artifactKey: Guid(7475bf14dd93a49459f9815aca8a1ddf) Importer(815301076,1909f56bfc062723c751e8b465ee728b)
Start importing Assets/Prefabs/Enviroment/VerticalBarrier4_0.prefab using Guid(7475bf14dd93a49459f9815aca8a1ddf) Importer(815301076,1909f56bfc062723c751e8b465ee728b) (PreviewImporter) -> (artifact id: 'fd6f1ada0e94d490d186834f312eaa77') in 0.0218799 seconds
Number of updated asset objects reloaded before import = 0Number of asset objects unloaded after import = 80

========================================================================
Received Import Request.
  Time since last request: 2.326416 seconds.
  path: Assets/Prefabs/Enviroment/HorizontalBarrier3_0.prefab
  artifactKey: Guid(d75ed3e12d3dc2e428f20e4188128ea3) Importer(815301076,1909f56bfc062723c751e8b465ee728b)
Start importing Assets/Prefabs/Enviroment/HorizontalBarrier3_0.prefab using Guid(d75ed3e12d3dc2e428f20e4188128ea3) Importer(815301076,1909f56bfc062723c751e8b465ee728b) (PreviewImporter) -> (artifact id: '8eebfeb8e25fb513d3959688034b3f5c') in 0.0240802 seconds
Number of updated asset objects reloaded before import = 0Number of asset objects unloaded after import = 80

========================================================================
Received Import Request.
  Time since last request: 0.000024 seconds.
  path: Assets/Prefabs/Enviroment/VerticalBarrier5_0.prefab
  artifactKey: Guid(dfdd39eb39a53d542bb2d995f71c28b8) Importer(815301076,1909f56bfc062723c751e8b465ee728b)
Start importing Assets/Prefabs/Enviroment/VerticalBarrier5_0.prefab using Guid(dfdd39eb39a53d542bb2d995f71c28b8) Importer(815301076,1909f56bfc062723c751e8b465ee728b) (PreviewImporter) -> (artifact id: 'f2b2bf8148ae8e3d3d1002b4a56c152c') in 0.025537 seconds
Number of updated asset objects reloaded before import = 0Number of asset objects unloaded after import = 80

========================================================================
Received Import Request.
  Time since last request: 5.980996 seconds.
  path: Assets/Prefabs/Enviroment/HorizontalBarrier3_0.prefab
  artifactKey: Guid(d75ed3e12d3dc2e428f20e4188128ea3) Importer(815301076,1909f56bfc062723c751e8b465ee728b)
Start importing Assets/Prefabs/Enviroment/HorizontalBarrier3_0.prefab using Guid(d75ed3e12d3dc2e428f20e4188128ea3) Importer(815301076,1909f56bfc062723c751e8b465ee728b) (PreviewImporter) -> (artifact id: '54914e2c97cbc11512b652593cc1f158') in 0.0305913 seconds
Number of updated asset objects reloaded before import = 0Number of asset objects unloaded after import = 80

========================================================================
Received Import Request.
  Time since last request: 0.000031 seconds.
  path: Assets/Prefabs/Enviroment/VerticalBarrier5_0.prefab
  artifactKey: Guid(dfdd39eb39a53d542bb2d995f71c28b8) Importer(815301076,1909f56bfc062723c751e8b465ee728b)
Start importing Assets/Prefabs/Enviroment/VerticalBarrier5_0.prefab using Guid(dfdd39eb39a53d542bb2d995f71c28b8) Importer(815301076,1909f56bfc062723c751e8b465ee728b) (PreviewImporter) -> (artifact id: '974bc0dbc27b530dc302bca11471d9ce') in 0.0288236 seconds
Number of updated asset objects reloaded before import = 0Number of asset objects unloaded after import = 80

========================================================================
Received Import Request.
  Time since last request: 1.729362 seconds.
  path: Assets/Prefabs/Enviroment/HorizontalBarrier3_0.prefab
  artifactKey: Guid(d75ed3e12d3dc2e428f20e4188128ea3) Importer(815301076,1909f56bfc062723c751e8b465ee728b)
Start importing Assets/Prefabs/Enviroment/HorizontalBarrier3_0.prefab using Guid(d75ed3e12d3dc2e428f20e4188128ea3) Importer(815301076,1909f56bfc062723c751e8b465ee728b) (PreviewImporter) -> (artifact id: 'f2553f2c4f426ddfd33b87209dcc063e') in 0.0278907 seconds
Number of updated asset objects reloaded before import = 0Number of asset objects unloaded after import = 80

========================================================================
Received Import Request.
  Time since last request: 0.000028 seconds.
  path: Assets/Prefabs/Enviroment/VerticalBarrier5_0.prefab
  artifactKey: Guid(dfdd39eb39a53d542bb2d995f71c28b8) Importer(815301076,1909f56bfc062723c751e8b465ee728b)
Start importing Assets/Prefabs/Enviroment/VerticalBarrier5_0.prefab using Guid(dfdd39eb39a53d542bb2d995f71c28b8) Importer(815301076,1909f56bfc062723c751e8b465ee728b) (PreviewImporter) -> (artifact id: 'de47e6b39138bbd331f7fa45106c9b73') in 0.0287836 seconds
Number of updated asset objects reloaded before import = 0Number of asset objects unloaded after import = 80

========================================================================
Received Import Request.
  Time since last request: 0.000033 seconds.
  path: Assets/Prefabs/Enviroment/VerticalBarrier3_0.prefab
  artifactKey: Guid(b56e033bba0b5954ea7c6f7be9e68839) Importer(815301076,1909f56bfc062723c751e8b465ee728b)
Start importing Assets/Prefabs/Enviroment/VerticalBarrier3_0.prefab using Guid(b56e033bba0b5954ea7c6f7be9e68839) Importer(815301076,1909f56bfc062723c751e8b465ee728b) (PreviewImporter) -> (artifact id: '136ac2ba045fa7deca58124a15ee2948') in 0.0255268 seconds
Number of updated asset objects reloaded before import = 0Number of asset objects unloaded after import = 80

========================================================================
Received Import Request.
  Time since last request: 2.525958 seconds.
  path: Assets/Prefabs/Enviroment/HorizontalBarrier3_0.prefab
  artifactKey: Guid(d75ed3e12d3dc2e428f20e4188128ea3) Importer(815301076,1909f56bfc062723c751e8b465ee728b)
Start importing Assets/Prefabs/Enviroment/HorizontalBarrier3_0.prefab using Guid(d75ed3e12d3dc2e428f20e4188128ea3) Importer(815301076,1909f56bfc062723c751e8b465ee728b) (PreviewImporter) -> (artifact id: '3a9ad306d39abc9a2ede7555eee1e704') in 0.0290288 seconds
Number of updated asset objects reloaded before import = 0Number of asset objects unloaded after import = 80

========================================================================
Received Import Request.
  Time since last request: 0.000028 seconds.
  path: Assets/Prefabs/Enviroment/HorizontalBarrier_blue.prefab
  artifactKey: Guid(ed4381e4e935c90418ef425eb0a648d1) Importer(815301076,1909f56bfc062723c751e8b465ee728b)
Start importing Assets/Prefabs/Enviroment/HorizontalBarrier_blue.prefab using Guid(ed4381e4e935c90418ef425eb0a648d1) Importer(815301076,1909f56bfc062723c751e8b465ee728b) (PreviewImporter) -> (artifact id: '5679316280cc435f80dc7a49866fa191') in 0.0311853 seconds
Number of updated asset objects reloaded before import = 0Number of asset objects unloaded after import = 80

========================================================================
Received Import Request.
  Time since last request: 8.857826 seconds.
  path: Assets/Prefabs/Enviroment/HorizontalBarrier3_0.prefab
  artifactKey: Guid(d75ed3e12d3dc2e428f20e4188128ea3) Importer(815301076,1909f56bfc062723c751e8b465ee728b)
Start importing Assets/Prefabs/Enviroment/HorizontalBarrier3_0.prefab using Guid(d75ed3e12d3dc2e428f20e4188128ea3) Importer(815301076,1909f56bfc062723c751e8b465ee728b) (PreviewImporter) -> (artifact id: 'bb26650e521e0762ab7d5f5954d812ed') in 0.0331381 seconds
Number of updated asset objects reloaded before import = 0Number of asset objects unloaded after import = 80

========================================================================
Received Import Request.
  Time since last request: 0.000027 seconds.
  path: Assets/Prefabs/Enviroment/VerticalBarrier5_0.prefab
  artifactKey: Guid(dfdd39eb39a53d542bb2d995f71c28b8) Importer(815301076,1909f56bfc062723c751e8b465ee728b)
Start importing Assets/Prefabs/Enviroment/VerticalBarrier5_0.prefab using Guid(dfdd39eb39a53d542bb2d995f71c28b8) Importer(815301076,1909f56bfc062723c751e8b465ee728b) (PreviewImporter) -> (artifact id: 'd29b877760fc26d117d8eea811c4f486') in 0.0277462 seconds
Number of updated asset objects reloaded before import = 0Number of asset objects unloaded after import = 80

========================================================================
Received Import Request.
  Time since last request: 4.498164 seconds.
  path: Assets/Prefabs/Enviroment/HorizontalBarrier3_0.prefab
  artifactKey: Guid(d75ed3e12d3dc2e428f20e4188128ea3) Importer(815301076,1909f56bfc062723c751e8b465ee728b)
Start importing Assets/Prefabs/Enviroment/HorizontalBarrier3_0.prefab using Guid(d75ed3e12d3dc2e428f20e4188128ea3) Importer(815301076,1909f56bfc062723c751e8b465ee728b) (PreviewImporter) -> (artifact id: '5181223e279216a24ca755b7e73bb184') in 0.0263277 seconds
Number of updated asset objects reloaded before import = 0Number of asset objects unloaded after import = 80

========================================================================
Received Import Request.
  Time since last request: 0.000028 seconds.
  path: Assets/Prefabs/Enviroment/VerticalBarrier5_0.prefab
  artifactKey: Guid(dfdd39eb39a53d542bb2d995f71c28b8) Importer(815301076,1909f56bfc062723c751e8b465ee728b)
Start importing Assets/Prefabs/Enviroment/VerticalBarrier5_0.prefab using Guid(dfdd39eb39a53d542bb2d995f71c28b8) Importer(815301076,1909f56bfc062723c751e8b465ee728b) (PreviewImporter) -> (artifact id: 'f2b1187be61451b438a479b80ee5c447') in 0.0292111 seconds
Number of updated asset objects reloaded before import = 0Number of asset objects unloaded after import = 80

========================================================================
Received Import Request.
  Time since last request: 14.299954 seconds.
  path: Assets/Prefabs/Enviroment/HorizontalBarrier3_0.prefab
  artifactKey: Guid(d75ed3e12d3dc2e428f20e4188128ea3) Importer(815301076,1909f56bfc062723c751e8b465ee728b)
Start importing Assets/Prefabs/Enviroment/HorizontalBarrier3_0.prefab using Guid(d75ed3e12d3dc2e428f20e4188128ea3) Importer(815301076,1909f56bfc062723c751e8b465ee728b) (PreviewImporter) -> (artifact id: 'ec40119d314e66da451e297d41b4eef8') in 0.0297767 seconds
Number of updated asset objects reloaded before import = 0Number of asset objects unloaded after import = 80

========================================================================
Received Import Request.
  Time since last request: 0.000030 seconds.
  path: Assets/Prefabs/Enviroment/VerticalBarrier2_0.prefab
  artifactKey: Guid(bf0791756007781448d87c1680e8a619) Importer(815301076,1909f56bfc062723c751e8b465ee728b)
Start importing Assets/Prefabs/Enviroment/VerticalBarrier2_0.prefab using Guid(bf0791756007781448d87c1680e8a619) Importer(815301076,1909f56bfc062723c751e8b465ee728b) (PreviewImporter) -> (artifact id: '4d62120d505b83ca3e6a144071a2a823') in 0.0267912 seconds
Number of updated asset objects reloaded before import = 0Number of asset objects unloaded after import = 80

========================================================================
Received Import Request.
  Time since last request: 2.663860 seconds.
  path: Assets/Prefabs/Enviroment/HorizontalBarrier3_0.prefab
  artifactKey: Guid(d75ed3e12d3dc2e428f20e4188128ea3) Importer(815301076,1909f56bfc062723c751e8b465ee728b)
Start importing Assets/Prefabs/Enviroment/HorizontalBarrier3_0.prefab using Guid(d75ed3e12d3dc2e428f20e4188128ea3) Importer(815301076,1909f56bfc062723c751e8b465ee728b) (PreviewImporter) -> (artifact id: '5a3a44eb1cd07661acc8bd46969ab700') in 0.026589 seconds
Number of updated asset objects reloaded before import = 0Number of asset objects unloaded after import = 80

========================================================================
Received Import Request.
  Time since last request: 0.000032 seconds.
  path: Assets/Prefabs/Enviroment/HorizontalBarrier_blue.prefab
  artifactKey: Guid(ed4381e4e935c90418ef425eb0a648d1) Importer(815301076,1909f56bfc062723c751e8b465ee728b)
Start importing Assets/Prefabs/Enviroment/HorizontalBarrier_blue.prefab using Guid(ed4381e4e935c90418ef425eb0a648d1) Importer(815301076,1909f56bfc062723c751e8b465ee728b) (PreviewImporter) -> (artifact id: 'f48298c36790c4b1d45b9873373cec7d') in 0.0252982 seconds
Number of updated asset objects reloaded before import = 0Number of asset objects unloaded after import = 80

========================================================================
Received Import Request.
  Time since last request: 5.666366 seconds.
  path: Assets/Prefabs/Enviroment/HorizontalBarrier3_0.prefab
  artifactKey: Guid(d75ed3e12d3dc2e428f20e4188128ea3) Importer(815301076,1909f56bfc062723c751e8b465ee728b)
Start importing Assets/Prefabs/Enviroment/HorizontalBarrier3_0.prefab using Guid(d75ed3e12d3dc2e428f20e4188128ea3) Importer(815301076,1909f56bfc062723c751e8b465ee728b) (PreviewImporter) -> (artifact id: '7095f73445c91cdcefaad1c844bb4947') in 0.0256307 seconds
Number of updated asset objects reloaded before import = 0Number of asset objects unloaded after import = 80

========================================================================
Received Import Request.
  Time since last request: 0.000113 seconds.
  path: Assets/Prefabs/Enviroment/HorizontalBarrier_blue.prefab
  artifactKey: Guid(ed4381e4e935c90418ef425eb0a648d1) Importer(815301076,1909f56bfc062723c751e8b465ee728b)
Start importing Assets/Prefabs/Enviroment/HorizontalBarrier_blue.prefab using Guid(ed4381e4e935c90418ef425eb0a648d1) Importer(815301076,1909f56bfc062723c751e8b465ee728b) (PreviewImporter) -> (artifact id: 'c245ad9afc07fbe6ebf4f85c851414af') in 0.0259608 seconds
Number of updated asset objects reloaded before import = 0Number of asset objects unloaded after import = 80

========================================================================
Received Import Request.
  Time since last request: 0.000031 seconds.
  path: Assets/Prefabs/Enviroment/VerticalBarrier3_0.prefab
  artifactKey: Guid(b56e033bba0b5954ea7c6f7be9e68839) Importer(815301076,1909f56bfc062723c751e8b465ee728b)
Start importing Assets/Prefabs/Enviroment/VerticalBarrier3_0.prefab using Guid(b56e033bba0b5954ea7c6f7be9e68839) Importer(815301076,1909f56bfc062723c751e8b465ee728b) (PreviewImporter) -> (artifact id: '619c9d2be1afe491a8abcf4f19587221') in 0.0220981 seconds
Number of updated asset objects reloaded before import = 0Number of asset objects unloaded after import = 80

========================================================================
Received Import Request.
  Time since last request: 3.023642 seconds.
  path: Assets/Prefabs/Enviroment/HorizontalBarrier3_0.prefab
  artifactKey: Guid(d75ed3e12d3dc2e428f20e4188128ea3) Importer(815301076,1909f56bfc062723c751e8b465ee728b)
Start importing Assets/Prefabs/Enviroment/HorizontalBarrier3_0.prefab using Guid(d75ed3e12d3dc2e428f20e4188128ea3) Importer(815301076,1909f56bfc062723c751e8b465ee728b) (PreviewImporter) -> (artifact id: '4f3a94d76b960480d79b505107c556b5') in 0.0235174 seconds
Number of updated asset objects reloaded before import = 0Number of asset objects unloaded after import = 80

========================================================================
Received Import Request.
  Time since last request: 0.000031 seconds.
  path: Assets/Prefabs/Enviroment/VerticalBarrier5_0.prefab
  artifactKey: Guid(dfdd39eb39a53d542bb2d995f71c28b8) Importer(815301076,1909f56bfc062723c751e8b465ee728b)
Start importing Assets/Prefabs/Enviroment/VerticalBarrier5_0.prefab using Guid(dfdd39eb39a53d542bb2d995f71c28b8) Importer(815301076,1909f56bfc062723c751e8b465ee728b) (PreviewImporter) -> (artifact id: 'bce822313b053b3b86c4219355305368') in 0.025515 seconds
Number of updated asset objects reloaded before import = 0Number of asset objects unloaded after import = 80

========================================================================
Received Import Request.
  Time since last request: 5.795003 seconds.
  path: Assets/Prefabs/Enviroment/HorizontalBarrier4_0.prefab
  artifactKey: Guid(fd8a2b4399c2d8d4bb82edb11d847be7) Importer(815301076,1909f56bfc062723c751e8b465ee728b)
Start importing Assets/Prefabs/Enviroment/HorizontalBarrier4_0.prefab using Guid(fd8a2b4399c2d8d4bb82edb11d847be7) Importer(815301076,1909f56bfc062723c751e8b465ee728b) (PreviewImporter) -> (artifact id: '2d550e6dbffabd66e9a6bd2c76b23c40') in 0.0459699 seconds
Number of updated asset objects reloaded before import = 0Number of asset objects unloaded after import = 80

========================================================================
Received Import Request.
  Time since last request: 0.000130 seconds.
  path: Assets/Prefabs/Enviroment/VerticalBarrier1_0.prefab
  artifactKey: Guid(d6e650186b1685145aa2bdea3907131c) Importer(815301076,1909f56bfc062723c751e8b465ee728b)
Start importing Assets/Prefabs/Enviroment/VerticalBarrier1_0.prefab using Guid(d6e650186b1685145aa2bdea3907131c) Importer(815301076,1909f56bfc062723c751e8b465ee728b) (PreviewImporter) -> (artifact id: '6095b258dd23b88613751cf0423c5438') in 0.0399586 seconds
Number of updated asset objects reloaded before import = 0Number of asset objects unloaded after import = 80

========================================================================
Received Import Request.
  Time since last request: 2.479921 seconds.
  path: Assets/Prefabs/Enviroment/HorizontalBarrier4_0.prefab
  artifactKey: Guid(fd8a2b4399c2d8d4bb82edb11d847be7) Importer(815301076,1909f56bfc062723c751e8b465ee728b)
Start importing Assets/Prefabs/Enviroment/HorizontalBarrier4_0.prefab using Guid(fd8a2b4399c2d8d4bb82edb11d847be7) Importer(815301076,1909f56bfc062723c751e8b465ee728b) (PreviewImporter) -> (artifact id: 'b1cd86ae612b3259cb3f15095a98403d') in 0.0264616 seconds
Number of updated asset objects reloaded before import = 0Number of asset objects unloaded after import = 80

========================================================================
Received Import Request.
  Time since last request: 0.000029 seconds.
  path: Assets/Prefabs/Enviroment/HorizontalBarrier_blue.prefab
  artifactKey: Guid(ed4381e4e935c90418ef425eb0a648d1) Importer(815301076,1909f56bfc062723c751e8b465ee728b)
Start importing Assets/Prefabs/Enviroment/HorizontalBarrier_blue.prefab using Guid(ed4381e4e935c90418ef425eb0a648d1) Importer(815301076,1909f56bfc062723c751e8b465ee728b) (PreviewImporter) -> (artifact id: '1e2239b0a546cbd635ffbe61f83e0b6b') in 0.0263522 seconds
Number of updated asset objects reloaded before import = 0Number of asset objects unloaded after import = 80

========================================================================
Received Prepare
Begin MonoManager ReloadAssembly
- Loaded All Assemblies, in  1.465 seconds
Refreshing native plugins compatible for Editor in 4.13 ms, found 4 plugins.
Native extension for Android target not found
Native extension for UWP target not found
Native extension for WindowsStandalone target not found
Mono: successfully reloaded assembly
- Finished resetting the current domain, in  1.308 seconds
Domain Reload Profiling: 2772ms
	BeginReloadAssembly (440ms)
		ExecutionOrderSort (0ms)
		DisableScriptedObjects (30ms)
		BackupInstance (0ms)
		ReleaseScriptingObjects (0ms)
		CreateAndSetChildDomain (89ms)
	RebuildCommonClasses (90ms)
	RebuildNativeTypeToScriptingClass (37ms)
	initialDomainReloadingComplete (61ms)
	LoadAllAssembliesAndSetupDomain (834ms)
		LoadAssemblies (739ms)
		RebuildTransferFunctionScriptingTraits (0ms)
		AnalyzeDomain (356ms)
			TypeCache.Refresh (11ms)
				TypeCache.ScanAssembly (0ms)
			BuildScriptInfoCaches (315ms)
			ResolveRequiredComponents (24ms)
	FinalizeReload (1309ms)
		ReleaseScriptCaches (0ms)
		RebuildScriptCaches (0ms)
		SetupLoadedEditorAssemblies (1003ms)
			LogAssemblyErrors (0ms)
			InitializePlatformSupportModulesInManaged (27ms)
			SetLoadedEditorAssemblies (12ms)
			BeforeProcessingInitializeOnLoad (233ms)
			ProcessInitializeOnLoadAttributes (637ms)
			ProcessInitializeOnLoadMethodAttributes (89ms)
			AfterProcessingInitializeOnLoad (5ms)
			EditorAssembliesLoaded (1ms)
		ExecutionOrderSort2 (0ms)
		AwakeInstancesAfterBackupRestoration (19ms)
Refreshing native plugins compatible for Editor in 6.08 ms, found 4 plugins.
Preloading 0 native plugins for Editor in 0.00 ms.
Unloading 0 Unused Serialized files (Serialized files now loaded: 0)
Unloading 4356 unused Assets / (1.1 MB). Loaded Objects now: 4879.
Memory consumption went from 93.4 MB to 92.3 MB.
Total: 13.802100 ms (FindLiveObjects: 1.038900 ms CreateObjectMapping: 0.874100 ms MarkObjects: 9.400400 ms  DeleteObjects: 2.486600 ms)

Prepare: number of updated asset objects reloaded= 0
Editor requested this worker to shutdown with reason: Scaling down because of idle timeout
AssetImportWorker is now disconnected from the server
Process exiting
Exiting without the bug reporter. Application will terminate with return code 0